// Jest Snapshot v1, https://goo.gl/fbAQLP

exports[`appbarwithoutcart snap 1`] = `
<header
  className="MuiPaper-root MuiPaper-elevation MuiPaper-elevation4 MuiAppBar-root MuiAppBar-colorPrimary MuiAppBar-positionStatic css-rjnxjj-MuiPaper-root-MuiAppBar-root"
>
  <div
    className="MuiToolbar-root MuiToolbar-gutters MuiToolbar-regular css-hyum1k-MuiToolbar-root"
  >
    <div
      className="MuiTypography-root MuiTypography-h6 css-1bn9r4q-MuiTypography-root"
      onClick={[Function]}
    >
      Online Store
    </div>
  </div>
</header>
`;
