// Jest Snapshot v1, https://goo.gl/fbAQLP

exports[`empty placeholder snap 1`] = `
<div
  className="MuiBox-root css-ww7h5q"
>
  <div>
    Child Component
  </div>
</div>
`;
